1683119141.747929919s 1 08adbf5e-db11-4691-8406-2539445f1104
1683119384.405592067s 1 0e2c420c-06e3-41c3-b737-d2d0a4fff25f
1660158459.305799676s 1 12349e90-94a9-4906-b3ed-ad3b39d66010
1660146498.122040874s 1 15ba93c2-a0d2-4404-a28d-3aac16596d6c
1683119261.76789188s 1 1936c6ba-f6df-402b-801c-ece9dab5506b
1664806822.30976418s 1 194f4028-5191-4974-8fc3-2d7ebb832ae9
1660675476.03431121s 1 1998680a-b8ce-4f34-a477-a468c21f2391
1683119287.953627548s 1 1aed91bd-6f58-4f31-a3a5-03cacb3510c4
1683120698.235865763s 1 1af0cfac-e8fd-4032-aebe-2432c9cc75e8
1660156572.397441369s 1 1d2d77c2-10a5-410f-99d1-43d8eeedbe1c
1664808839.20689631s 1 1edd1869-89dc-4731-ac1a-efc9679c0bca
1664806712.201522121s 1 2165c090-69d3-43c5-9ee0-5a8b078e60dd
1683119724.709415308s 1 22c2013c-d3f3-45b3-ae3d-056e33e9dc7a
1664806754.686774014s 1 234c10ad-f183-49a7-9aff-6f7f789897d6
1683120044.176736566s 1 25b58761-f182-424b-afe7-7a0910486191
1667504624.543120617s 1 26cef3c1-bd44-47d2-994d-41580ff47617
1660835956.954322268s 1 27b9fd36-5e53-4b82-940a-124b913bff00
1683119915.067328877s 1 2b3b631c-1d95-47f4-a17c-750f75df74ec
1683120432.294128206s 1 3703efde-5cf1-4936-9390-0a116f7e1261
1664805832.847141114s 1 3b269769-bfea-4e4f-9020-1ef6058a5dca
1683119317.044340032s 1 3c716ec2-aa02-4976-ab70-31ac580ecfc2
1664805589.384244843s 1 3d33d581-f056-48b7-a118-16f3d6e81fc1
1664805929.441835596s 1 3ef73e12-023a-46ac-83ea-dfef5b709e67
1667505837.03327336s 1 4a4298ef-d761-4423-a862-7d9d296e0ee1
1664805889.657650918s 1 4e0012db-054b-48ab-9dab-c2a2c72e10aa
1683119317.112967096s 1 4e8f6a20-6100-49b5-96af-974737202c0b
1664808845.760703532s 1 57201c3a-4c12-4e67-9035-75784416de64
1667505361.738565434s 1 575dfc41-ebe9-4e5b-9057-ac0c054613f5
1664806914.043757447s 1 5806c792-5094-45f5-b940-3f3b55c94aaf
1664806689.523126954s 1 60564330-1568-4a5a-9f4f-aaf4a6e3a441
1667504564.560193539s 1 62e6de4d-0886-4d9e-9e00-d0d566398e15
1667504619.672779844s 1 6528f50c-9427-4794-9d82-ad57df2ca9eb
1664806123.143931127s 1 6af64ed6-9fd7-4e86-ba20-398c7ea731ac
1664807578.476018517s 1 6be1280f-486f-4433-990c-d2ae5a04ebaa
1664806717.393916755s 1 70762ce3-e9d1-44a4-a3c0-dca4203280bf
1683120732.545109269s 1 75434094-e0c2-4576-911f-e1e2edc0723d
1683120238.648770679s 1 75530456-0e62-4f82-ae9b-79f1780b02f7
1667506196.049746977s 1 760bae42-8fe8-49d2-8415-be4f43a869d5
1667505248.49082453s 1 7659e0b9-9726-4aed-b52f-84ed210ae690
1664805863.256606672s 1 78554952-13c9-4d89-b099-a6207fe78c3f
1683120113.786139484s 1 78be3e4d-0301-461a-87be-628e1d02e72c
1667506010.366410049s 1 7e57b032-72ee-44d6-afd3-21d8ed4800fc
1664805764.380110294s 1 7f154d13-82bd-4664-b73b-cbc40a865bea
1660141266.954328328s 1 8519c500-440e-4c18-8ddb-66f903064671
1667505262.405334593s 1 8c5d2900-0b79-4a34-b044-464d93bd2993
1667505476.181397606s 1 927101e1-c9f0-4f72-bd5d-e7dba2130f68
1667506441.92718217s 1 976636fb-8b69-48ee-8aa7-ffc901b9ced9
1660144059.803163193s 1 9b035d51-cecc-442d-a880-9a276a35d3af
1667504585.210700666s 1 9cb50d6a-0565-4ec6-8cab-f848da212005
1683119977.018996661s 1 9d36c3ad-2791-47b5-a95b-9c544864f3ab
1667506274.270162526s 1 9d8a14ba-c00e-4704-88c8-5f1320af1123
1683119352.499925669s 1 9f32dfbc-d9b7-4afd-b187-98335211069b
1667505338.891993628s 1 a1537ed7-6e7e-401d-8a52-7b09f73e53a0
1683119662.890598327s 1 a1578e14-af94-493b-a0a0-009c4179cd41
1664805806.020752127s 1 a29c7f29-a533-4a33-804e-22da6ec52d57
1660142311.76890402s 1 a49de00d-3ccd-4ce1-a79e-5c6454244b64
1667504645.90355003s 1 a57704e5-d095-43d4-ad43-95e376f5ce0f
1683120091.19837868s 1 a5ff89b5-b0bc-4491-b496-bffd5503bd9b
1667504654.678137792s 1 acd16736-9cb0-49f6-abcd-c5ca28f5ad9d
1683119222.776249317s 1 ad782f0d-b53a-4447-a44c-72b4d12afc37
1664805871.6429857s 1 bd65b47f-97d7-4249-99ae-b267b89a7255
1683120406.773092825s 1 bd8b5c73-5227-4aee-bb28-25475a60f50b
1660141294.190922241s 1 c034477c-549d-4031-985e-58e1143acd86
1667505616.527694527s 1 c6f79a51-d97e-48f8-93c4-db1a7296ee06
1667504573.951464586s 1 cb75e7bc-a32a-4136-ad32-a79ec7cec3f6
1667505945.634731425s 1 cee73cec-bb8d-4144-a2a4-5ecc8a998d0d
1683121289.407334378s 1 d155842c-8b8b-412a-ad4f-c934fd58e7dc
1667504647.801946813s 1 d3980c33-00a0-4fe7-96f9-e333c942a005
1683119859.392890937s 1 d3faa09e-5108-419f-84e9-ea6140248519
1664806760.842770226s 1 d8e25a1a-6f93-427a-97ad-cacbc471326f
1667505524.686802981s 1 da5c0215-43c0-4429-92bb-bd57facce2c4
1667506411.916222045s 1 e33a2c50-3edd-414e-9a08-388249ad6652
1667505960.588762187s 1 e7c80337-abcf-4932-96b0-ffc4340c46da
1660143141.59769784s 1 edb0318a-1f5d-45c4-b552-7d97bd2875fb
1683120590.632374095s 1 efb9343e-93e9-41db-a8c5-02041c637490
1683120668.953675988s 1 efec7b56-5d46-40f5-b379-a155e72e8540
1664806819.067081247s 1 f18c3820-411e-4288-8c68-8a1b855d4545
1667506085.048405215s 1 f5e954b1-d9c9-437a-80c8-4023407625ee
1667421096.914692017s 1 f5f7373d-bca1-47c5-ad28-4249d84faffe
1667505336.878108502s 1 f7382d55-6e77-48bf-8a28-4abf7fd86d7d
1664807001.200833529s 1 f9da2aca-eafd-4e2b-8681-83ba1f4b89e4
1683119803.136023329s 1 ff82f51f-ec0d-4ef9-8979-43ea0f7a3591
1683120304.545857512s 1 ff9769b6-4196-48a6-bd8d-069e267a2a0a
